// Vitest Snapshot v1, https://vitest.dev/guide/snapshot.html

exports[`snapshot test > ok 1`] = `
{
  "a": 0,
  "b": "b1",
}
`;
